<?xml version="1.0" encoding="utf-8"?><testsuites><testsuite name="pytest" errors="0" failures="0" skipped="0" tests="768" time="18.790" timestamp="2025-09-29T19:41:34.795954-05:00" hostname="MacBook-Pro-5.local"><testcase classname="tests.unit.test_adapter_registry.TestAdapterRegistry" name="test_discover_adapters_success" time="0.047" /><testcase classname="tests.unit.test_adapter_registry.TestAdapterRegistry" name="test_discover_adapters_import_error" time="0.017" /><testcase classname="tests.unit.test_adapter_registry.TestAdapterRegistry" name="test_register_adapter_class_valid" time="0.014" /><testcase classname="tests.unit.test_adapter_registry.TestAdapterRegistry" name="test_register_adapter_class_invalid" time="0.013" /><testcase classname="tests.unit.test_adapter_registry.TestAdapterRegistry" name="test_get_all_adapters" time="0.015" /><testcase classname="tests.unit.test_adapter_registry.TestAdapterRegistry" name="test_get_adapters_for_institution" time="0.015" /><testcase classname="tests.unit.test_adapter_registry.TestAdapterRegistry" name="test_get_adapters_for_user_site_admin" time="0.017" /><testcase classname="tests.unit.test_adapter_registry.TestAdapterRegistry" name="test_get_adapters_for_user_institution_admin" time="0.016" /><testcase classname="tests.unit.test_adapter_registry.TestAdapterRegistry" name="test_get_adapters_for_user_instructor" time="0.016" /><testcase classname="tests.unit.test_adapter_registry.TestAdapterRegistry" name="test_get_adapter_by_id_success" time="0.014" /><testcase classname="tests.unit.test_adapter_registry.TestAdapterRegistry" name="test_get_adapter_by_id_not_found" time="0.015" /><testcase classname="tests.unit.test_adapter_registry.TestAdapterRegistry" name="test_get_adapter_by_id_inactive" time="0.015" /><testcase classname="tests.unit.test_adapter_registry.TestAdapterRegistry" name="test_validate_adapter_access_allowed" time="0.015" /><testcase classname="tests.unit.test_adapter_registry.TestAdapterRegistry" name="test_validate_adapter_access_denied" time="0.014" /><testcase classname="tests.unit.test_adapter_registry.TestAdapterRegistry" name="test_get_adapter_info" time="0.015" /><testcase classname="tests.unit.test_adapter_registry.TestAdapterRegistry" name="test_deactivate_reactivate_adapter" time="0.018" /><testcase classname="tests.unit.test_adapter_registry.TestAdapterRegistry" name="test_get_supported_formats" time="0.014" /><testcase classname="tests.unit.test_adapter_registry.TestAdapterRegistry" name="test_find_adapters_for_format" time="0.015" /><testcase classname="tests.unit.test_adapter_registry.TestAdapterRegistry" name="test_clear_cache" time="0.015" /><testcase classname="tests.unit.test_adapter_registry.TestAdapterRegistrySingleton" name="test_get_adapter_registry_singleton" time="0.015" /><testcase classname="tests.unit.test_adapter_registry.TestAdapterRegistryError" name="test_adapter_registry_error" time="0.014" /><testcase classname="tests.unit.test_api_routes.TestAPIBlueprint" name="test_api_blueprint_creation" time="0.014" /><testcase classname="tests.unit.test_api_routes.TestAPIBlueprint" name="test_api_blueprint_registered_in_app" time="0.014" /><testcase classname="tests.unit.test_api_routes.TestLoginAPI" name="test_login_api_account_locked_error" time="0.026" /><testcase classname="tests.unit.test_api_routes.TestLoginAPI" name="test_login_api_login_error" time="0.018" /><testcase classname="tests.unit.test_api_routes.TestDashboardRoutes" name="test_dashboard_instructor_role" time="0.018" /><testcase classname="tests.unit.test_api_routes.TestDashboardRoutes" name="test_dashboard_program_admin_role" time="0.016" /><testcase classname="tests.unit.test_api_routes.TestDashboardRoutes" name="test_dashboard_site_admin_role" time="0.016" /><testcase classname="tests.unit.test_api_routes.TestDashboardRoutes" name="test_dashboard_unknown_role" time="0.016" /><testcase classname="tests.unit.test_api_routes.TestDashboardRoutes" name="test_dashboard_no_user" time="0.015" /><testcase classname="tests.unit.test_api_routes.TestHealthEndpoint" name="test_health_endpoint_success" time="0.016" /><testcase classname="tests.unit.test_api_routes.TestHealthEndpoint" name="test_health_endpoint_no_auth_required" time="0.015" /><testcase classname="tests.unit.test_api_routes.TestDashboardEndpoint" name="test_dashboard_endpoint_exists" time="0.015" /><testcase classname="tests.unit.test_api_routes.TestRegistrationEndpoints" name="test_register_institution_admin_success" time="0.015" /><testcase classname="tests.unit.test_api_routes.TestRegistrationEndpoints" name="test_register_institution_admin_missing_fields" time="0.015" /><testcase classname="tests.unit.test_api_routes.TestRegistrationEndpoints" name="test_register_institution_admin_invalid_email" time="0.017" /><testcase classname="tests.unit.test_api_routes.TestRegistrationEndpoints" name="test_register_institution_admin_registration_error" time="0.017" /><testcase classname="tests.unit.test_api_routes.TestRegistrationEndpoints" name="test_register_institution_admin_server_error" time="0.016" /><testcase classname="tests.unit.test_api_routes.TestRegistrationEndpoints" name="test_register_institution_admin_optional_website" time="0.015" /><testcase classname="tests.unit.test_api_routes.TestInvitationEndpoints" name="test_create_invitation_success" time="0.016" /><testcase classname="tests.unit.test_api_routes.TestInvitationEndpoints" name="test_create_invitation_no_json" time="0.016" /><testcase classname="tests.unit.test_api_routes.TestInvitationEndpoints" name="test_create_invitation_missing_email" time="0.015" /><testcase classname="tests.unit.test_api_routes.TestInvitationEndpoints" name="test_create_invitation_missing_role" time="0.014" /><testcase classname="tests.unit.test_api_routes.TestInvitationEndpoints" name="test_create_invitation_invalid_email" time="0.015" /><testcase classname="tests.unit.test_api_routes.TestInvitationEndpoints" name="test_create_invitation_service_error" time="0.015" /><testcase classname="tests.unit.test_api_routes.TestInvitationEndpoints" name="test_create_invitation_server_error" time="0.016" /><testcase classname="tests.unit.test_api_routes.TestInvitationEndpoints" name="test_create_invitation_with_program_ids" time="0.014" /><testcase classname="tests.unit.test_api_routes.TestAcceptInvitationEndpoints" name="test_accept_invitation_success" time="0.016" /><testcase classname="tests.unit.test_api_routes.TestAcceptInvitationEndpoints" name="test_accept_invitation_no_json" time="0.014" /><testcase classname="tests.unit.test_api_routes.TestAcceptInvitationEndpoints" name="test_accept_invitation_missing_token" time="0.013" /><testcase classname="tests.unit.test_api_routes.TestAcceptInvitationEndpoints" name="test_accept_invitation_missing_password" time="0.015" /><testcase classname="tests.unit.test_api_routes.TestAcceptInvitationEndpoints" name="test_accept_invitation_invalid_token" time="0.014" /><testcase classname="tests.unit.test_api_routes.TestAcceptInvitationEndpoints" name="test_accept_invitation_expired_token" time="0.015" /><testcase classname="tests.unit.test_api_routes.TestAcceptInvitationEndpoints" name="test_accept_invitation_weak_password" time="0.014" /><testcase classname="tests.unit.test_api_routes.TestAcceptInvitationEndpoints" name="test_accept_invitation_server_error" time="0.014" /><testcase classname="tests.unit.test_api_routes.TestAcceptInvitationEndpoints" name="test_accept_invitation_without_display_name" time="0.014" /><testcase classname="tests.unit.test_api_routes.TestListInvitationsEndpoints" name="test_list_invitations_success" time="0.015" /><testcase classname="tests.unit.test_api_routes.TestListInvitationsEndpoints" name="test_list_invitations_with_filters" time="0.014" /><testcase classname="tests.unit.test_api_routes.TestListInvitationsEndpoints" name="test_list_invitations_no_institution" time="0.013" /><testcase classname="tests.unit.test_api_routes.TestListInvitationsEndpoints" name="test_list_invitations_limit_clamping" time="0.015" /><testcase classname="tests.unit.test_api_routes.TestListInvitationsEndpoints" name="test_list_invitations_service_error" time="0.014" /><testcase classname="tests.unit.test_api_routes.TestListInvitationsEndpoints" name="test_list_invitations_empty_result" time="0.015" /><testcase classname="tests.unit.test_api_routes.TestResendVerificationEndpoints" name="test_resend_verification_success" time="0.015" /><testcase classname="tests.unit.test_api_routes.TestResendVerificationEndpoints" name="test_resend_verification_no_json" time="0.014" /><testcase classname="tests.unit.test_api_routes.TestResendVerificationEndpoints" name="test_resend_verification_missing_email" time="0.013" /><testcase classname="tests.unit.test_api_routes.TestResendVerificationEndpoints" name="test_resend_verification_empty_email" time="0.013" /><testcase classname="tests.unit.test_api_routes.TestResendVerificationEndpoints" name="test_resend_verification_invalid_email" time="0.015" /><testcase classname="tests.unit.test_api_routes.TestResendVerificationEndpoints" name="test_resend_verification_user_not_found" time="0.014" /><testcase classname="tests.unit.test_api_routes.TestResendVerificationEndpoints" name="test_resend_verification_already_verified" time="0.038" /><testcase classname="tests.unit.test_api_routes.TestResendVerificationEndpoints" name="test_resend_verification_server_error" time="0.017" /><testcase classname="tests.unit.test_api_routes.TestResendVerificationEndpoints" name="test_resend_verification_email_case_normalization" time="0.016" /><testcase classname="tests.unit.test_api_routes.TestUserEndpoints" name="test_get_users_endpoint_exists" time="0.016" /><testcase classname="tests.unit.test_api_routes.TestUserEndpoints" name="test_get_users_with_department_filter" time="0.016" /><testcase classname="tests.unit.test_api_routes.TestUserEndpoints" name="test_get_users_exception_handling" time="0.015" /><testcase classname="tests.unit.test_api_routes.TestUserEndpoints" name="test_create_user_no_json_data" time="0.014" /><testcase classname="tests.unit.test_api_routes.TestUserEndpoints" name="test_create_user_database_failure" time="0.014" /><testcase classname="tests.unit.test_api_routes.TestUserEndpoints" name="test_create_user_exception_handling" time="0.013" /><testcase classname="tests.unit.test_api_routes.TestUserEndpoints" name="test_get_users_without_permission_stub_mode" time="0.014" /><testcase classname="tests.unit.test_api_routes.TestUserEndpoints" name="test_get_users_with_role_filter" time="0.015" /><testcase classname="tests.unit.test_api_routes.TestUserEndpoints" name="test_create_user_success" time="0.015" /><testcase classname="tests.unit.test_api_routes.TestUserEndpoints" name="test_create_user_missing_required_fields" time="0.014" /><testcase classname="tests.unit.test_api_routes.TestCourseEndpoints" name="test_get_courses_endpoint_exists" time="0.017" /><testcase classname="tests.unit.test_api_routes.TestCourseEndpoints" name="test_get_courses_with_department_filter" time="0.018" /><testcase classname="tests.unit.test_api_routes.TestCourseEndpoints" name="test_create_course_success" time="0.016" /><testcase classname="tests.unit.test_api_routes.TestCourseEndpoints" name="test_create_course_requires_institution_context" time="0.015" /><testcase classname="tests.unit.test_api_routes.TestCourseEndpoints" name="test_create_course_adds_institution_context" time="0.016" /><testcase classname="tests.unit.test_api_routes.TestCourseEndpoints" name="test_get_course_by_number_endpoint_exists" time="0.015" /><testcase classname="tests.unit.test_api_routes.TestCourseEndpoints" name="test_get_course_by_number_not_found" time="0.015" /><testcase classname="tests.unit.test_api_routes.TestTermEndpoints" name="test_get_terms_success" time="0.014" /><testcase classname="tests.unit.test_api_routes.TestTermEndpoints" name="test_create_term_endpoint_exists" time="0.015" /><testcase classname="tests.unit.test_api_routes.TestSectionEndpoints" name="test_get_sections_endpoint_exists" time="0.015" /><testcase classname="tests.unit.test_api_routes.TestSectionEndpoints" name="test_create_section_endpoint_exists" time="0.015" /><testcase classname="tests.unit.test_api_routes.TestImportEndpoints" name="test_excel_import_endpoint_exists" time="0.015" /><testcase classname="tests.unit.test_api_routes.TestImportEndpoints" name="test_excel_import_missing_file" time="0.014" /><testcase classname="tests.unit.test_api_routes.TestErrorHandling" name="test_method_not_allowed" time="0.014" /><testcase classname="tests.unit.test_api_routes.TestErrorHandling" name="test_api_endpoints_return_json" time="0.013" /><testcase classname="tests.unit.test_api_routes.TestRequestValidation" name="test_course_creation_validation" time="0.015" /><testcase classname="tests.unit.test_api_routes.TestRequestValidation" name="test_term_creation_validation" time="0.014" /><testcase classname="tests.unit.test_api_routes.TestAuthenticationIntegration" name="test_auth_service_integration" time="0.013" /><testcase classname="tests.unit.test_api_routes.TestInstitutionEndpoints" name="test_list_institutions_success" time="0.016" /><testcase classname="tests.unit.test_api_routes.TestInstitutionEndpoints" name="test_create_institution_success" time="0.018" /><testcase classname="tests.unit.test_api_routes.TestInstitutionEndpoints" name="test_get_institution_details_success" time="0.017" /><testcase classname="tests.unit.test_api_routes.TestInstitutionEndpoints" name="test_list_instructors_success" time="0.015" /><testcase classname="tests.unit.test_api_routes.TestInstitutionEndpoints" name="test_create_institution_missing_data" time="0.016" /><testcase classname="tests.unit.test_api_routes.TestInstitutionEndpoints" name="test_create_institution_missing_admin_user_field" time="0.014" /><testcase classname="tests.unit.test_api_routes.TestInstitutionEndpoints" name="test_create_institution_creation_failure" time="0.014" /><testcase classname="tests.unit.test_api_routes.TestInstitutionEndpoints" name="test_create_institution_exception_handling" time="0.014" /><testcase classname="tests.unit.test_api_routes.TestInstitutionEndpoints" name="test_list_institutions_exception" time="0.017" /><testcase classname="tests.unit.test_api_routes.TestInstitutionEndpoints" name="test_get_institution_details_access_denied" time="0.015" /><testcase classname="tests.unit.test_api_routes.TestInstitutionEndpoints" name="test_create_course_data_validation" time="0.015" /><testcase classname="tests.unit.test_api_routes.TestInstitutionEndpoints" name="test_create_term_data_validation" time="0.014" /><testcase classname="tests.unit.test_api_routes.TestInstitutionEndpoints" name="test_api_error_handling_comprehensive" time="0.019" /><testcase classname="tests.unit.test_api_routes.TestInstitutionEndpoints" name="test_api_endpoints_comprehensive_error_handling" time="0.015" /><testcase classname="tests.unit.test_api_routes.TestInstitutionEndpoints" name="test_get_user_endpoint_comprehensive" time="0.019" /><testcase classname="tests.unit.test_api_routes.TestInstitutionEndpoints" name="test_import_excel_api_validation" time="0.015" /><testcase classname="tests.unit.test_api_routes.TestInstitutionEndpoints" name="test_import_progress_endpoint" time="0.014" /><testcase classname="tests.unit.test_api_routes.TestInstitutionEndpoints" name="test_api_error_handler_functionality" time="0.013" /><testcase classname="tests.unit.test_api_routes.TestInstitutionEndpoints" name="test_institution_context_handling" time="0.021" /><testcase classname="tests.unit.test_api_routes.TestUserManagementAPI" name="test_list_users_with_role_filter" time="0.016" /><testcase classname="tests.unit.test_api_routes.TestUserManagementAPI" name="test_list_users_with_department_filter" time="0.015" /><testcase classname="tests.unit.test_api_routes.TestUserManagementAPI" name="test_create_user_validation" time="0.015" /><testcase classname="tests.unit.test_api_routes.TestUserManagementAPI" name="test_get_user_permission_denied" time="0.014" /><testcase classname="tests.unit.test_api_routes.TestCourseManagementOperations" name="test_create_course_comprehensive_validation" time="0.014" /><testcase classname="tests.unit.test_api_routes.TestCourseManagementOperations" name="test_create_course_missing_fields" time="0.017" /><testcase classname="tests.unit.test_api_routes.TestCourseManagementOperations" name="test_create_term_comprehensive" time="0.016" /><testcase classname="tests.unit.test_api_routes.TestCourseManagementOperations" name="test_get_sections_by_instructor_comprehensive" time="0.015" /><testcase classname="tests.unit.test_api_routes.TestCourseManagementOperations" name="test_get_sections_by_term_comprehensive" time="0.015" /><testcase classname="tests.unit.test_api_routes.TestCourseManagementOperations" name="test_get_import_progress_comprehensive" time="0.014" /><testcase classname="tests.unit.test_api_routes.TestCourseManagementOperations" name="test_import_excel_file_validation" time="0.015" /><testcase classname="tests.unit.test_api_routes.TestAPIRoutesErrorHandling" name="test_list_users_no_role_filter_coverage" time="0.015" /><testcase classname="tests.unit.test_api_routes.TestAPIRoutesErrorHandling" name="test_get_user_not_found_coverage" time="0.015" /><testcase classname="tests.unit.test_api_routes.TestAPIRoutesErrorHandling" name="test_create_user_stub_success_coverage" time="0.016" /><testcase classname="tests.unit.test_api_routes.TestAPIRoutesErrorHandling" name="test_import_excel_empty_filename_coverage" time="0.020" /><testcase classname="tests.unit.test_api_routes.TestAPIRoutesErrorHandling" name="test_import_excel_invalid_file_type_coverage" time="0.020" /><testcase classname="tests.unit.test_api_routes.TestAPIRoutesProgressTracking" name="test_progress_tracking_coverage" time="0.015" /><testcase classname="tests.unit.test_api_routes.TestAPIRoutesProgressTracking" name="test_import_progress_stub_response" time="0.015" /><testcase classname="tests.unit.test_api_routes.TestAPIRoutesValidation" name="test_validate_import_file_coverage" time="0.019" /><testcase classname="tests.unit.test_api_routes.TestAPIRoutesValidation" name="test_validate_import_no_file" time="0.014" /><testcase classname="tests.unit.test_api_routes.TestAPIRoutesValidation" name="test_validate_import_empty_filename" time="0.019" /><testcase classname="tests.unit.test_api_routes.TestAPIRoutesValidation" name="test_validate_import_invalid_file_type" time="0.018" /><testcase classname="tests.unit.test_api_routes.TestAPIRoutesValidation" name="test_validate_import_cleanup_error" time="0.019" /><testcase classname="tests.unit.test_api_routes.TestAPIRoutesHealthCheck" name="test_health_check_endpoint" time="0.014" /><testcase classname="tests.unit.test_api_routes.TestAPIRoutesExtended" name="test_api_error_handler_comprehensive" time="0.013" /><testcase classname="tests.unit.test_api_routes.TestAPIRoutesExtended" name="test_list_courses_global_scope" time="0.015" /><testcase classname="tests.unit.test_api_routes.TestAPIRoutesExtended" name="test_list_courses_with_department" time="0.015" /><testcase classname="tests.unit.test_api_routes.TestAPIRoutesHelpers" name="test_resolve_institution_scope_missing_context" time="0.014" /><testcase classname="tests.unit.test_api_routes.TestAPIRoutesHelpers" name="test_resolve_institution_scope_no_require" time="0.013" /><testcase classname="tests.unit.test_api_routes.TestAPIRoutesHelpers" name="test_create_progress_tracker" time="0.012" /><testcase classname="tests.unit.test_api_routes.TestAPIRoutesHelpers" name="test_update_progress" time="0.013" /><testcase classname="tests.unit.test_api_routes.TestAPIRoutesHelpers" name="test_get_progress" time="0.013" /><testcase classname="tests.unit.test_api_routes.TestAPIRoutesHelpers" name="test_cleanup_progress" time="0.014" /><testcase classname="tests.unit.test_api_routes_error_handling.TestAPIErrorHandling" name="test_create_user_no_json_data" time="0.034" /><testcase classname="tests.unit.test_api_routes_error_handling.TestAPIErrorHandling" name="test_create_user_database_failure" time="0.035" /><testcase classname="tests.unit.test_api_routes_error_handling.TestAPIErrorHandling" name="test_get_users_exception_handling" time="0.036" /><testcase classname="tests.unit.test_api_routes_error_handling.TestAPIErrorHandling" name="test_create_course_no_json_data" time="0.035" /><testcase classname="tests.unit.test_api_routes_error_handling.TestAPIErrorHandling" name="test_create_course_database_failure" time="0.034" /><testcase classname="tests.unit.test_api_routes_error_handling.TestAPIErrorHandling" name="test_get_course_by_number_not_found" time="0.036" /><testcase classname="tests.unit.test_api_routes_error_handling.TestAPIErrorHandling" name="test_get_courses_exception_handling" time="0.034" /><testcase classname="tests.unit.test_api_routes_error_handling.TestTermEndpoints" name="test_create_term_no_json_data" time="0.033" /><testcase classname="tests.unit.test_api_routes_error_handling.TestTermEndpoints" name="test_create_term_missing_fields" time="0.034" /><testcase classname="tests.unit.test_api_routes_error_handling.TestTermEndpoints" name="test_create_term_database_failure" time="0.033" /><testcase classname="tests.unit.test_api_routes_error_handling.TestImportEndpoints" name="test_import_excel_no_file" time="0.033" /><testcase classname="tests.unit.test_api_routes_error_handling.TestImportEndpoints" name="test_import_excel_empty_filename" time="0.033" /><testcase classname="tests.unit.test_api_routes_error_handling.TestImportEndpoints" name="test_import_excel_invalid_file_type" time="0.033" /><testcase classname="tests.unit.test_api_routes_error_handling.TestImportEndpoints" name="test_import_excel_service_exception" time="0.045" /><testcase classname="tests.unit.test_api_routes_error_handling.TestImportEndpoints" name="test_import_progress_endpoints" time="0.034" /><testcase classname="tests.unit.test_api_routes_error_handling.TestImportEndpoints" name="test_validate_import_file_no_file" time="0.034" /><testcase classname="tests.unit.test_api_routes_error_handling.TestSectionEndpoints" name="test_get_sections_exception_handling" time="0.034" /><testcase classname="tests.unit.test_api_routes_error_handling.TestSectionEndpoints" name="test_create_section_no_json_data" time="0.034" /><testcase classname="tests.unit.test_api_routes_error_handling.TestSectionEndpoints" name="test_create_section_missing_fields" time="0.033" /><testcase classname="tests.unit.test_api_routes_error_handling.TestSectionEndpoints" name="test_create_section_database_failure" time="0.034" /><testcase classname="tests.unit.test_api_routes_error_handling.TestSectionEndpoints" name="test_get_sections_by_instructor_exception" time="0.034" /><testcase classname="tests.unit.test_api_routes_error_handling.TestDashboardErrorHandling" name="test_dashboard_no_user" time="0.035" /><testcase classname="tests.unit.test_api_routes_error_handling.TestDashboardErrorHandling" name="test_dashboard_unknown_role" time="0.035" /><testcase classname="tests.unit.test_api_routes_error_handling.TestAdditionalErrorPaths" name="test_malformed_json_requests" time="0.036" /><testcase classname="tests.unit.test_api_routes_error_handling.TestAdditionalErrorPaths" name="test_missing_content_type" time="0.038" /><testcase classname="tests.unit.test_api_routes_error_handling.TestAdditionalErrorPaths" name="test_empty_string_fields" time="0.034" /><testcase classname="tests.unit.test_app.TestFlaskAppSetup" name="test_app_instance_creation" time="0.013" /><testcase classname="tests.unit.test_app.TestFlaskAppSetup" name="test_secret_key_configuration" time="0.014" /><testcase classname="tests.unit.test_app.TestFlaskAppSetup" name="test_secret_key_from_environment" time="0.036" /><testcase classname="tests.unit.test_app.TestFlaskAppSetup" name="test_api_blueprint_registered" time="0.013" /><testcase classname="tests.unit.test_app.TestFlaskAppSetup" name="test_app_route_registration" time="0.014" /><testcase classname="tests.unit.test_app.TestFlaskAppSetup" name="test_app_context_management" time="0.015" /><testcase classname="tests.unit.test_app.TestFlaskAppSetup" name="test_app_configuration_attributes" time="0.013" /><testcase classname="tests.unit.test_app.TestLoggingSetup" name="test_setup_logging_creates_logs_directory" time="0.014" /><testcase classname="tests.unit.test_app.TestLoggingSetup" name="test_setup_logging_configures_basic_logging" time="0.014" /><testcase classname="tests.unit.test_app.TestIndexRoute" name="test_index_route_renders_splash_page" time="0.023" /><testcase classname="tests.unit.test_app.TestIndexRoute" name="test_splash_page_has_login_links" time="0.021" /><testcase classname="tests.unit.test_app.TestIndexRoute" name="test_login_route_renders_template" time="0.024" /><testcase classname="tests.unit.test_app.TestIndexRoute" name="test_login_route_redirects_authenticated_user" time="0.014" /><testcase classname="tests.unit.test_app.TestIndexRoute" name="test_register_route_renders_template" time="0.025" /><testcase classname="tests.unit.test_app.TestIndexRoute" name="test_forgot_password_route_renders_template" time="0.025" /><testcase classname="tests.unit.test_app.TestIndexRoute" name="test_register_route_redirects_authenticated_user" time="0.015" /><testcase classname="tests.unit.test_app.TestIndexRoute" name="test_forgot_password_route_redirects_authenticated_user" time="0.014" /><testcase classname="tests.unit.test_app.TestIndexRoute" name="test_profile_route_requires_authentication" time="0.014" /><testcase classname="tests.unit.test_app.TestIndexRoute" name="test_profile_route_renders_for_authenticated_user" time="0.025" /><testcase classname="tests.unit.test_app.TestIndexRoute" name="test_dashboard_route_requires_authentication" time="0.014" /><testcase classname="tests.unit.test_app.TestIndexRoute" name="test_dashboard_route_renders_for_authenticated_user" time="0.102" /><testcase classname="tests.unit.test_app.TestIndexRoute" name="test_dashboard_route_different_roles" time="0.034" /><testcase classname="tests.unit.test_app.TestAdminRoutes" name="test_admin_users_route_with_permission" time="0.024" /><testcase classname="tests.unit.test_app.TestAdminRoutes" name="test_admin_users_route_without_permission" time="0.015" /><testcase classname="tests.unit.test_app.TestDatabaseConnection" name="test_database_service_availability" time="0.013" /><testcase classname="tests.unit.test_app.TestDatabaseConnection" name="test_database_service_import" time="0.012" /><testcase classname="tests.unit.test_app.TestPortConfiguration" name="test_port_from_port_env_var" time="0.014" /><testcase classname="tests.unit.test_app.TestPortConfiguration" name="test_port_from_course_record_updater_port" time="0.015" /><testcase classname="tests.unit.test_app.TestPortConfiguration" name="test_port_default_value" time="0.014" /><testcase classname="tests.unit.test_app.TestPortConfiguration" name="test_debug_mode_enabled" time="0.014" /><testcase classname="tests.unit.test_app.TestPortConfiguration" name="test_debug_mode_disabled" time="0.014" /><testcase classname="tests.unit.test_app.TestPortConfiguration" name="test_debug_mode_default_false" time="0.013" /><testcase classname="tests.unit.test_app.TestMainExecution" name="test_main_execution_logic" time="0.015" /><testcase classname="tests.unit.test_app.TestAppErrorHandling" name="test_app_handles_import_errors" time="0.014" /><testcase classname="tests.unit.test_app.TestAppErrorHandling" name="test_app_configuration_defaults" time="0.013" /><testcase classname="tests.unit.test_app.TestAppErrorHandling" name="test_app_template_folder_configuration" time="0.014" /><testcase classname="tests.unit.test_app.TestAppErrorHandling" name="test_app_static_folder_configuration" time="0.013" /><testcase classname="tests.unit.test_app.TestAppErrorHandling" name="test_app_has_blueprints" time="0.013" /><testcase classname="tests.unit.test_app.TestAppErrorHandling" name="test_app_error_handlers_configuration" time="0.014" /><testcase classname="tests.unit.test_app.TestAppErrorHandling" name="test_app_error_handling_comprehensive" time="0.015" /><testcase classname="tests.unit.test_app.TestAppErrorHandling" name="test_app_request_context_functionality" time="0.018" /><testcase classname="tests.unit.test_app.TestAppErrorHandling" name="test_app_configuration_validation" time="0.013" /><testcase classname="tests.unit.test_auth_service.TestAuthService" name="test_auth_service_instance_creation" time="0.014" /><testcase classname="tests.unit.test_auth_service.TestAuthService" name="test_get_current_user_returns_mock_admin" time="0.014" /><testcase classname="tests.unit.test_auth_service.TestAuthService" name="test_has_permission_with_site_admin" time="0.016" /><testcase classname="tests.unit.test_auth_service.TestAuthService" name="test_is_authenticated_returns_true_with_user" time="0.014" /><testcase classname="tests.unit.test_auth_service.TestGlobalAuthServiceInstance" name="test_global_auth_service_exists" time="0.071" /><testcase classname="tests.unit.test_auth_service.TestGlobalAuthServiceInstance" name="test_global_auth_service_methods" time="0.022" /><testcase classname="tests.unit.test_auth_service.TestAuthDecorators" name="test_login_required_decorator" time="0.014" /><testcase classname="tests.unit.test_auth_service.TestAuthDecorators" name="test_role_required_decorator" time="0.015" /><testcase classname="tests.unit.test_auth_service.TestAuthDecorators" name="test_permission_required_decorator" time="0.014" /><testcase classname="tests.unit.test_auth_service.TestAuthDecorators" name="test_admin_required_decorator" time="0.017" /><testcase classname="tests.unit.test_auth_service.TestAuthDecorators" name="test_decorator_preserves_function_metadata" time="0.013" /><testcase classname="tests.unit.test_auth_service.TestAuthDecorators" name="test_nested_decorators" time="0.014" /><testcase classname="tests.unit.test_auth_service.TestUtilityFunctions" name="test_get_current_user_function" time="0.013" /><testcase classname="tests.unit.test_auth_service.TestUtilityFunctions" name="test_has_permission_function" time="0.013" /><testcase classname="tests.unit.test_auth_service.TestUtilityFunctions" name="test_is_authenticated_function" time="0.013" /><testcase classname="tests.unit.test_auth_service.TestUtilityFunctions" name="test_get_user_role_function" time="0.013" /><testcase classname="tests.unit.test_auth_service.TestUtilityFunctions" name="test_get_user_department_function" time="0.013" /><testcase classname="tests.unit.test_auth_service.TestUtilityFunctions" name="test_get_user_role_with_no_user" time="0.013" /><testcase classname="tests.unit.test_auth_service.TestUtilityFunctions" name="test_get_user_department_with_no_user" time="0.013" /><testcase classname="tests.unit.test_auth_service.TestUtilityFunctions" name="test_get_user_department_with_no_department_field" time="0.014" /><testcase classname="tests.unit.test_auth_service.TestAuthServiceIntegration" name="test_utility_functions_use_global_service" time="0.015" /><testcase classname="tests.unit.test_auth_service.TestAuthServiceIntegration" name="test_decorators_work_with_different_function_signatures" time="0.015" /><testcase classname="tests.unit.test_auth_service.TestAuthBehaviorConsistency" name="test_all_auth_checks_work_with_site_admin" time="0.013" /><testcase classname="tests.unit.test_auth_service.TestAuthBehaviorConsistency" name="test_mock_user_data_consistency" time="0.013" /><testcase classname="tests.unit.test_auth_service.TestAuthServiceInstitutionFunctions" name="test_get_current_institution_id_success" time="0.014" /><testcase classname="tests.unit.test_auth_service.TestAuthServiceInstitutionFunctions" name="test_get_current_institution_id_primary_fallback" time="0.013" /><testcase classname="tests.unit.test_auth_service.TestAuthServiceInstitutionFunctions" name="test_get_current_institution_id_missing_context" time="0.014" /><testcase classname="tests.unit.test_auth_service.TestAuthServiceInstitutionFunctions" name="test_permission_decorator_logic" time="0.014" /><testcase classname="tests.unit.test_auth_service.TestAuthServiceInstitutionFunctions" name="test_auth_service_comprehensive_functionality" time="0.014" /><testcase classname="tests.unit.test_auth_service.TestAuthServiceInstitutionFunctions" name="test_utility_functions_comprehensive_coverage" time="0.014" /><testcase classname="tests.unit.test_auth_service.TestAuthServiceInstitutionFunctions" name="test_auth_edge_cases_and_error_handling" time="0.015" /><testcase classname="tests.unit.test_auth_service.TestAuthServiceCoverage" name="test_scoped_permission_checking" time="0.013" /><testcase classname="tests.unit.test_auth_service.TestAuthServiceCoverage" name="test_program_admin_scoped_permissions" time="0.014" /><testcase classname="tests.unit.test_auth_service.TestAuthServiceCoverage" name="test_get_accessible_institutions" time="0.015" /><testcase classname="tests.unit.test_auth_service.TestAuthServiceCoverage" name="test_get_accessible_programs" time="0.014" /><testcase classname="tests.unit.test_auth_service.TestAuthServiceCoverage" name="test_has_role_hierarchy" time="0.015" /><testcase classname="tests.unit.test_auth_service.TestAuthServiceCoverage" name="test_decorator_error_conditions" time="0.014" /><testcase classname="tests.unit.test_auth_service.TestAuthServiceCoverage" name="test_utility_function_coverage" time="0.014" /><testcase classname="tests.unit.test_auth_service.TestAuthServiceCoverage" name="test_role_enum_methods" time="0.013" /><testcase classname="tests.unit.test_auth_service.TestAuthServiceCoverage" name="test_context_extraction_in_decorators" time="0.015" /><testcase classname="tests.unit.test_auth_service.TestAuthServiceCoverage" name="test_get_accessible_programs_fallback_field" time="0.015" /><testcase classname="tests.unit.test_auth_service.TestAuthServiceCoverage" name="test_get_accessible_programs_no_fields" time="0.013" /><testcase classname="tests.unit.test_base_adapter" name="test_parse_and_validate_success" time="0.014" /><testcase classname="tests.unit.test_base_adapter" name="test_parse_and_validate_missing_required_field" time="0.013" /><testcase classname="tests.unit.test_base_adapter" name="test_parse_and_validate_invalid_term" time="0.014" /><testcase classname="tests.unit.test_base_adapter" name="test_parse_and_validate_invalid_students_type" time="0.014" /><testcase classname="tests.unit.test_base_adapter" name="test_parse_and_validate_invalid_students_value" time="0.014" /><testcase classname="tests.unit.test_base_adapter" name="test_parse_and_validate_extra_fields_ignored" time="0.013" /><testcase classname="tests.unit.test_base_adapter" name="test_parse_and_validate_empty_input" time="0.013" /><testcase classname="tests.unit.test_base_adapter" name="test_parse_and_validate_empty_dict" time="0.013" /><testcase classname="tests.unit.test_base_adapter" name="test_parse_and_validate_boundary_students_values" time="0.013" /><testcase classname="tests.unit.test_base_adapter" name="test_parse_and_validate_whitespace_handling" time="0.014" /><testcase classname="tests.unit.test_base_adapter" name="test_parse_and_validate_multiple_records_with_errors" time="0.013" /><testcase classname="tests.unit.test_base_adapter" name="test_base_adapter_constants_and_attributes" time="0.014" /><testcase classname="tests.unit.test_cei_excel_adapter.TestValidateCeiTermName" name="test_validate_cei_term_standard_format" time="0.013" /><testcase classname="tests.unit.test_cei_excel_adapter.TestValidateCeiTermName" name="test_validate_cei_term_abbreviated_format" time="0.012" /><testcase classname="tests.unit.test_cei_excel_adapter.TestValidateCeiTermName" name="test_validate_cei_term_invalid_formats" time="0.014" /><testcase classname="tests.unit.test_cei_excel_adapter.TestParseCeiTerm" name="test_parse_cei_term_valid_formats" time="0.013" /><testcase classname="tests.unit.test_cei_excel_adapter.TestParseCeiTerm" name="test_parse_cei_term_invalid_length" time="0.014" /><testcase classname="tests.unit.test_cei_excel_adapter.TestParseCeiTerm" name="test_parse_cei_term_invalid_season" time="0.013" /><testcase classname="tests.unit.test_cei_excel_adapter.TestHelperFunctions" name="test_extract_department_from_course" time="0.013" /><testcase classname="tests.unit.test_cei_excel_adapter.TestHelperFunctions" name="test_parse_name" time="0.014" /><testcase classname="tests.unit.test_cei_excel_adapter.TestHelperFunctions" name="test_extract_name_from_email" time="0.012" /><testcase classname="tests.unit.test_cei_excel_adapter.TestParseCeiExcelRow" name="test_parse_cei_excel_row_complete_data" time="0.017" /><testcase classname="tests.unit.test_cei_excel_adapter.TestParseCeiExcelRow" name="test_parse_cei_excel_row_with_email_format" time="0.013" /><testcase classname="tests.unit.test_cei_excel_adapter.TestParseCeiExcelRow" name="test_parse_cei_excel_row_minimal_data" time="0.014" /><testcase classname="tests.unit.test_cei_excel_adapter.TestParseCeiExcelRow" name="test_parse_cei_excel_row_exception_handling" time="0.014" /><testcase classname="tests.unit.test_cei_excel_adapter_class.TestCEIExcelAdapterClass" name="test_adapter_info" time="0.013" /><testcase classname="tests.unit.test_cei_excel_adapter_class.TestCEIExcelAdapterClass" name="test_file_size_and_record_limits" time="0.014" /><testcase classname="tests.unit.test_cei_excel_adapter_class.TestCEIExcelAdapterClass" name="test_validate_file_compatibility_original_format" time="0.036" /><testcase classname="tests.unit.test_cei_excel_adapter_class.TestCEIExcelAdapterClass" name="test_validate_file_compatibility_test_format" time="0.024" /><testcase classname="tests.unit.test_cei_excel_adapter_class.TestCEIExcelAdapterClass" name="test_validate_file_compatibility_invalid_format" time="0.024" /><testcase classname="tests.unit.test_cei_excel_adapter_class.TestCEIExcelAdapterClass" name="test_validate_file_compatibility_invalid_course_numbers" time="0.024" /><testcase classname="tests.unit.test_cei_excel_adapter_class.TestCEIExcelAdapterClass" name="test_validate_file_compatibility_invalid_term_codes" time="0.024" /><testcase classname="tests.unit.test_cei_excel_adapter_class.TestCEIExcelAdapterClass" name="test_validate_file_compatibility_non_excel_file" time="0.013" /><testcase classname="tests.unit.test_cei_excel_adapter_class.TestCEIExcelAdapterClass" name="test_validate_file_compatibility_empty_file" time="0.024" /><testcase classname="tests.unit.test_cei_excel_adapter_class.TestCEIExcelAdapterClass" name="test_detect_data_types_original_format" time="0.023" /><testcase classname="tests.unit.test_cei_excel_adapter_class.TestCEIExcelAdapterClass" name="test_detect_data_types_test_format" time="0.024" /><testcase classname="tests.unit.test_cei_excel_adapter_class.TestCEIExcelAdapterClass" name="test_detect_data_types_partial_data" time="0.024" /><testcase classname="tests.unit.test_cei_excel_adapter_class.TestCEIExcelAdapterClass" name="test_detect_data_types_unreadable_file" time="0.014" /><testcase classname="tests.unit.test_cei_excel_adapter_class.TestCEIExcelAdapterClass" name="test_parse_file_original_format" time="0.028" /><testcase classname="tests.unit.test_cei_excel_adapter_class.TestCEIExcelAdapterClass" name="test_parse_file_test_format" time="0.028" /><testcase classname="tests.unit.test_cei_excel_adapter_class.TestCEIExcelAdapterClass" name="test_parse_file_missing_institution_id" time="0.025" /><testcase classname="tests.unit.test_cei_excel_adapter_class.TestCEIExcelAdapterClass" name="test_parse_file_incompatible_file" time="0.023" /><testcase classname="tests.unit.test_cei_excel_adapter_class.TestCEIExcelAdapterClass" name="test_parse_file_no_valid_records" time="0.024" /><testcase classname="tests.unit.test_cei_excel_adapter_class.TestCEIExcelAdapterClass" name="test_deduplicate_results" time="0.014" /><testcase classname="tests.unit.test_cei_excel_adapter_class.TestCEIExcelAdapterClass" name="test_export_data_success" time="0.020" /><testcase classname="tests.unit.test_cei_excel_adapter_class.TestCEIExcelAdapterClass" name="test_export_data_no_records" time="0.015" /><testcase classname="tests.unit.test_cei_excel_adapter_class.TestCEIExcelAdapterClass" name="test_export_data_error" time="0.015" /><testcase classname="tests.unit.test_cei_excel_adapter_class.TestCEIExcelAdapterClass" name="test_format_term_for_cei_export" time="0.013" /><testcase classname="tests.unit.test_cei_excel_adapter_class.TestCEIExcelAdapterClass" name="test_supports_export" time="0.015" /><testcase classname="tests.unit.test_cei_excel_adapter_class.TestCEIExcelAdapterClass" name="test_get_export_formats" time="0.014" /><testcase classname="tests.unit.test_dashboard_service.TestDashboardServiceSiteAdmin" name="test_site_admin_aggregation" time="0.014" /><testcase classname="tests.unit.test_dashboard_service.TestDashboardServiceScoped" name="test_institution_admin_scope" time="0.015" /><testcase classname="tests.unit.test_dashboard_service.TestDashboardServiceScoped" name="test_program_admin_scope" time="0.014" /><testcase classname="tests.unit.test_dashboard_service.TestDashboardServiceScoped" name="test_instructor_scope" time="0.013" /><testcase classname="tests.unit.test_dashboard_service.TestDashboardServiceCLOEnrichment" name="test_enrich_courses_with_clo_data_success" time="0.013" /><testcase classname="tests.unit.test_dashboard_service.TestDashboardServiceCLOEnrichment" name="test_enrich_courses_with_clo_data_no_clos" time="0.012" /><testcase classname="tests.unit.test_dashboard_service.TestDashboardServiceCLOEnrichment" name="test_enrich_courses_with_clo_data_error_handling" time="0.014" /><testcase classname="tests.unit.test_dashboard_service.TestDashboardServiceCLOEnrichment" name="test_enrich_courses_with_clo_data_no_course_id" time="0.013" /><testcase classname="tests.unit.test_dashboard_service.TestDashboardServiceFailures" name="test_missing_user" time="0.014" /><testcase classname="tests.unit.test_dashboard_service.TestDashboardServiceFailures" name="test_missing_institution_for_admin" time="0.014" /><testcase classname="tests.unit.test_dashboard_service.TestDashboardServiceHelpers" name="test_get_course_id_with_course_id_field" time="0.013" /><testcase classname="tests.unit.test_dashboard_service.TestDashboardServiceHelpers" name="test_get_course_id_with_id_field" time="0.013" /><testcase classname="tests.unit.test_dashboard_service.TestDashboardServiceHelpers" name="test_get_course_id_prefers_id_over_course_id" time="0.012" /><testcase classname="tests.unit.test_dashboard_service.TestDashboardServiceHelpers" name="test_get_course_id_with_none_course" time="0.014" /><testcase classname="tests.unit.test_dashboard_service.TestDashboardServiceHelpers" name="test_get_course_id_with_empty_course" time="0.014" /><testcase classname="tests.unit.test_database_service" name="test_create_and_get_institution" time="0.016" /><testcase classname="tests.unit.test_database_service" name="test_create_user_and_lookup_by_email" time="0.020" /><testcase classname="tests.unit.test_database_service" name="test_update_user_active_status" time="0.019" /><testcase classname="tests.unit.test_database_service" name="test_course_and_program_association" time="0.024" /><testcase classname="tests.unit.test_database_service" name="test_term_and_section_workflow" time="0.021" /><testcase classname="tests.unit.test_database_service" name="test_invitation_lifecycle" time="0.018" /><testcase classname="tests.unit.test_database_service" name="test_database_connection_check" time="0.014" /><testcase classname="tests.unit.test_database_service" name="test_sanitize_for_logging" time="0.013" /><testcase classname="tests.unit.test_database_service" name="test_get_all_institutions" time="0.016" /><testcase classname="tests.unit.test_database_service" name="test_get_all_users" time="0.019" /><testcase classname="tests.unit.test_database_service" name="test_get_all_courses" time="0.016" /><testcase classname="tests.unit.test_database_service" name="test_get_all_programs" time="0.016" /><testcase classname="tests.unit.test_database_service" name="test_get_all_terms" time="0.015" /><testcase classname="tests.unit.test_database_service" name="test_refresh_connection" time="0.017" /><testcase classname="tests.unit.test_database_service" name="test_reset_database" time="0.029" /><testcase classname="tests.unit.test_database_service" name="test_db_operation_timeout" time="0.015" /><testcase classname="tests.unit.test_database_service" name="test_get_all_instructors" time="0.020" /><testcase classname="tests.unit.test_database_service" name="test_get_all_sections" time="0.016" /><testcase classname="tests.unit.test_database_service" name="test_get_all_course_offerings" time="0.016" /><testcase classname="tests.unit.test_database_service" name="test_get_program_by_id" time="0.016" /><testcase classname="tests.unit.test_database_service" name="test_add_and_remove_course_from_program" time="0.025" /><testcase classname="tests.unit.test_database_service" name="test_bulk_course_program_operations" time="0.030" /><testcase classname="tests.unit.test_database_service" name="test_create_term_and_lookup" time="0.017" /><testcase classname="tests.unit.test_database_service" name="test_update_program" time="0.017" /><testcase classname="tests.unit.test_database_service" name="test_get_program_by_name_and_institution" time="0.018" /><testcase classname="tests.unit.test_database_service" name="test_get_sections_by_term" time="0.017" /><testcase classname="tests.unit.test_database_service" name="test_assign_course_to_default_program" time="0.015" /><testcase classname="tests.unit.test_database_service" name="test_error_handling_with_invalid_ids" time="0.017" /><testcase classname="tests.unit.test_database_service" name="test_user_operations_comprehensive" time="0.018" /><testcase classname="tests.unit.test_database_service" name="test_calculate_and_update_active_users" time="0.015" /><testcase classname="tests.unit.test_database_service" name="test_database_service_edge_cases" time="0.015" /><testcase classname="tests.unit.test_database_service" name="test_additional_database_operations" time="0.019" /><testcase classname="tests.unit.test_database_service" name="test_comprehensive_database_operations" time="0.024" /><testcase classname="tests.unit.test_database_service" name="test_error_conditions_and_edge_cases" time="0.016" /><testcase classname="tests.unit.test_database_service" name="test_final_coverage_push" time="0.021" /><testcase classname="tests.unit.test_database_service" name="test_uncovered_database_functions" time="0.027" /><testcase classname="tests.unit.test_email_service.TestEmailProtection" name="test_protected_domain_detection_cei_edu" time="0.014" /><testcase classname="tests.unit.test_email_service.TestEmailProtection" name="test_protected_domain_detection_coastal_domains" time="0.014" /><testcase classname="tests.unit.test_email_service.TestEmailProtection" name="test_protected_domain_detection_subdomains" time="0.013" /><testcase classname="tests.unit.test_email_service.TestEmailProtection" name="test_safe_domain_detection" time="0.014" /><testcase classname="tests.unit.test_email_service.TestEmailProtection" name="test_invalid_email_handling" time="0.014" /><testcase classname="tests.unit.test_email_service.TestEmailProtection" name="test_protected_email_blocking_verification" time="0.018" /><testcase classname="tests.unit.test_email_service.TestEmailProtection" name="test_protected_email_blocking_password_reset" time="0.015" /><testcase classname="tests.unit.test_email_service.TestEmailProtection" name="test_protected_email_blocking_invitation" time="0.015" /><testcase classname="tests.unit.test_email_service.TestEmailProtection" name="test_protected_email_blocking_welcome" time="0.016" /><testcase classname="tests.unit.test_email_service.TestEmailProtection" name="test_safe_email_sending_verification" time="0.015" /><testcase classname="tests.unit.test_email_service.TestEmailProtection" name="test_safe_email_sending_convenience_functions" time="0.016" /><testcase classname="tests.unit.test_email_service.TestEmailProtection" name="test_production_mode_allows_protected_emails" time="0.015" /><testcase classname="tests.unit.test_email_service.TestEmailConfiguration" name="test_configure_app_sets_defaults" time="0.014" /><testcase classname="tests.unit.test_email_service.TestEmailConfiguration" name="test_configure_app_with_env_vars" time="0.015" /><testcase classname="tests.unit.test_email_service.TestEmailTemplates" name="test_verification_email_html_template" time="0.016" /><testcase classname="tests.unit.test_email_service.TestEmailTemplates" name="test_verification_email_text_template" time="0.015" /><testcase classname="tests.unit.test_email_service.TestEmailTemplates" name="test_password_reset_email_templates" time="0.015" /><testcase classname="tests.unit.test_email_service.TestEmailTemplates" name="test_invitation_email_templates" time="0.014" /><testcase classname="tests.unit.test_email_service.TestEmailTemplates" name="test_invitation_email_without_personal_message" time="0.014" /><testcase classname="tests.unit.test_email_service.TestEmailTemplates" name="test_welcome_email_templates" time="0.014" /><testcase classname="tests.unit.test_email_service.TestEmailURLBuilding" name="test_verification_url_building" time="0.014" /><testcase classname="tests.unit.test_email_service.TestEmailURLBuilding" name="test_password_reset_url_building" time="0.015" /><testcase classname="tests.unit.test_email_service.TestEmailURLBuilding" name="test_send_password_reset_confirmation_email" time="0.014" /><testcase classname="tests.unit.test_email_service.TestEmailURLBuilding" name="test_invitation_url_building" time="0.017" /><testcase classname="tests.unit.test_email_service.TestEmailURLBuilding" name="test_dashboard_url_building" time="0.020" /><testcase classname="tests.unit.test_email_service.TestEmailURLBuilding" name="test_url_building_with_custom_base_url" time="0.014" /><testcase classname="tests.unit.test_email_service.TestEmailSuppression" name="test_email_suppression_enabled" time="0.015" /><testcase classname="tests.unit.test_email_service.TestEmailSuppression" name="test_email_suppression_logs_content" time="0.017" /><testcase classname="tests.unit.test_email_service.TestSMTPSending" name="test_smtp_ssl_connection" time="0.015" /><testcase classname="tests.unit.test_email_service.TestSMTPSending" name="test_smtp_tls_connection" time="0.017" /><testcase classname="tests.unit.test_email_service.TestSMTPSending" name="test_smtp_no_auth_connection" time="0.015" /><testcase classname="tests.unit.test_email_service.TestSMTPSending" name="test_smtp_message_formatting" time="0.016" /><testcase classname="tests.unit.test_email_service.TestSMTPSending" name="test_smtp_connection_error_handling" time="0.015" /><testcase classname="tests.unit.test_email_service.TestSMTPSending" name="test_smtp_authentication_error_handling" time="0.018" /><testcase classname="tests.unit.test_email_service.TestConvenienceFunctions" name="test_convenience_functions_exist" time="0.014" /><testcase classname="tests.unit.test_email_service.TestConvenienceFunctions" name="test_convenience_functions_work" time="0.016" /><testcase classname="tests.unit.test_enhanced_models.TestEnhancedUserModel" name="test_user_model_creation_with_all_required_fields" time="0.014" /><testcase classname="tests.unit.test_enhanced_models.TestEnhancedUserModel" name="test_user_model_with_optional_fields" time="0.014" /><testcase classname="tests.unit.test_enhanced_models.TestEnhancedUserModel" name="test_user_model_role_validation" time="0.014" /><testcase classname="tests.unit.test_enhanced_models.TestEnhancedUserModel" name="test_user_model_account_status_validation" time="0.013" /><testcase classname="tests.unit.test_enhanced_models.TestEnhancedUserModel" name="test_user_model_institution_id_required" time="0.014" /><testcase classname="tests.unit.test_enhanced_models.TestEnhancedUserModel" name="test_user_model_site_admin_no_institution_required" time="0.013" /><testcase classname="tests.unit.test_enhanced_models.TestEnhancedUserModel" name="test_user_utility_functions" time="0.013" /><testcase classname="tests.unit.test_enhanced_models.TestEnhancedUserModel" name="test_user_token_generation" time="0.013" /><testcase classname="tests.unit.test_enhanced_models.TestUserInvitationModel" name="test_user_invitation_creation_and_expiry_logic" time="0.016" /><testcase classname="tests.unit.test_enhanced_models.TestUserInvitationModel" name="test_user_invitation_expiry_checking" time="0.014" /><testcase classname="tests.unit.test_enhanced_models.TestUserInvitationModel" name="test_user_invitation_role_validation" time="0.021" /><testcase classname="tests.unit.test_enhanced_models.TestUserInvitationModel" name="test_user_invitation_token_generation" time="0.015" /><testcase classname="tests.unit.test_enhanced_models.TestProgramModel" name="test_program_model_creation_with_institution_association" time="0.013" /><testcase classname="tests.unit.test_enhanced_models.TestProgramModel" name="test_program_model_default_program" time="0.012" /><testcase classname="tests.unit.test_enhanced_models.TestProgramModel" name="test_program_model_with_admins" time="0.012" /><testcase classname="tests.unit.test_enhanced_models.TestProgramModel" name="test_program_admin_count_utility" time="0.014" /><testcase classname="tests.unit.test_enhanced_models.TestEnhancedInstitutionModel" name="test_enhanced_institution_model_with_auth_fields" time="0.013" /><testcase classname="tests.unit.test_enhanced_models.TestEnhancedInstitutionModel" name="test_institution_model_optional_website" time="0.013" /><testcase classname="tests.unit.test_enhanced_models.TestEnhancedInstitutionModel" name="test_institution_model_email_normalization" time="0.013" /><testcase classname="tests.unit.test_enhanced_models.TestEnhancedCourseModel" name="test_course_model_with_program_associations" time="0.013" /><testcase classname="tests.unit.test_enhanced_models.TestEnhancedCourseModel" name="test_course_model_without_program_associations" time="0.014" /><testcase classname="tests.unit.test_enhanced_models.TestUserPasswordMethods" name="test_create_password_hash" time="0.248" /><testcase classname="tests.unit.test_enhanced_models.TestUserPasswordMethods" name="test_validate_password_valid" time="0.014" /><testcase classname="tests.unit.test_enhanced_models.TestUserPasswordMethods" name="test_validate_password_invalid" time="0.012" /><testcase classname="tests.unit.test_enhanced_models.TestUserPasswordMethods" name="test_generate_password_reset_token" time="0.012" /><testcase classname="tests.unit.test_enhanced_models.TestUserPasswordMethods" name="test_create_password_reset_data" time="0.013" /><testcase classname="tests.unit.test_enhanced_models.TestModelIntegration" name="test_complete_user_invitation_flow" time="0.012" /><testcase classname="tests.unit.test_enhanced_models.TestModelIntegration" name="test_institution_program_course_hierarchy" time="0.015" /><testcase classname="tests.unit.test_enhanced_models.TestModelIntegration" name="test_program_admin_assignment" time="0.013" /><testcase classname="tests.unit.test_export_service.TestExportService" name="test_init" time="0.016" /><testcase classname="tests.unit.test_export_service.TestExportService" name="test_export_config_creation" time="0.013" /><testcase classname="tests.unit.test_export_service.TestExportService" name="test_export_result_creation" time="0.014" /><testcase classname="tests.unit.test_export_service.TestExportService" name="test_unsupported_adapter" time="0.014" /><testcase classname="tests.unit.test_export_service.TestExportService" name="test_fetch_export_data_empty" time="0.013" /><testcase classname="tests.unit.test_export_service.TestExportService" name="test_fetch_export_data_with_data" time="0.014" /><testcase classname="tests.unit.test_export_service.TestExportService" name="test_export_no_data" time="0.014" /><testcase classname="tests.unit.test_export_service.TestExportServiceAdapterRegistry" name="test_validate_export_access_success" time="0.014" /><testcase classname="tests.unit.test_export_service.TestExportServiceAdapterRegistry" name="test_validate_export_access_denied" time="0.013" /><testcase classname="tests.unit.test_export_service.TestExportServiceAdapterRegistry" name="test_validate_export_access_adapter_not_found" time="0.013" /><testcase classname="tests.unit.test_export_service.TestExportServiceAdapterRegistry" name="test_export_with_adapter_supports_export_false" time="0.017" /><testcase classname="tests.unit.test_export_service.TestExportServiceAdapterRegistry" name="test_export_with_adapter_success" time="0.014" /><testcase classname="tests.unit.test_export_service.TestExportServiceAdapterRegistry" name="test_export_data_with_registry_error" time="0.014" /><testcase classname="tests.unit.test_export_service.TestCreateExportService" name="test_create_export_service" time="0.014" /><testcase classname="tests.unit.test_file_adapter_dispatcher" name="test_discover_adapters_success" time="0.015" /><testcase classname="tests.unit.test_file_adapter_dispatcher" name="test_discover_adapters_no_adapters" time="0.014" /><testcase classname="tests.unit.test_file_adapter_dispatcher" name="test_discover_adapters_directory_not_found" time="0.013" /><testcase classname="tests.unit.test_file_adapter_dispatcher" name="test_process_file_success" time="0.015" /><testcase classname="tests.unit.test_file_adapter_dispatcher" name="test_process_file_adapter_not_found" time="0.016" /><testcase classname="tests.unit.test_file_adapter_dispatcher" name="test_process_file_adapter_missing_parse_function" time="0.018" /><testcase classname="tests.unit.test_file_adapter_dispatcher" name="test_process_file_adapter_parse_error" time="0.016" /><testcase classname="tests.unit.test_file_adapter_dispatcher" name="test_process_file_base_validation_error" time="0.017" /><testcase classname="tests.unit.test_file_adapter_dispatcher.TestFileAdapterDispatcherInitialization" name="test_init_without_base_validation" time="0.013" /><testcase classname="tests.unit.test_file_adapter_dispatcher.TestFileAdapterDispatcherInitialization" name="test_init_with_base_validation" time="0.014" /><testcase classname="tests.unit.test_file_adapter_dispatcher.TestFileAdapterDispatcherInitialization" name="test_discover_adapters_directory_not_found" time="0.014" /><testcase classname="tests.unit.test_file_adapter_dispatcher.TestFileAdapterDispatcherInitialization" name="test_discover_adapters_file_not_directory" time="0.014" /><testcase classname="tests.unit.test_file_adapter_dispatcher.TestFileAdapterDispatcherInitialization" name="test_discover_adapters_general_exception" time="0.013" /><testcase classname="tests.unit.test_file_adapter_dispatcher.TestFileAdapterDispatcherInitialization" name="test_discover_adapters_with_various_file_types" time="0.014" /><testcase classname="tests.unit.test_file_base_adapter.TestFileBaseAdapter" name="test_cannot_instantiate_abstract_class" time="0.013" /><testcase classname="tests.unit.test_file_base_adapter.TestFileBaseAdapter" name="test_mock_adapter_implementation" time="0.013" /><testcase classname="tests.unit.test_file_base_adapter.TestFileBaseAdapter" name="test_file_size_validation" time="0.018" /><testcase classname="tests.unit.test_file_base_adapter.TestFileBaseAdapter" name="test_file_exists_validation" time="0.013" /><testcase classname="tests.unit.test_file_base_adapter.TestFileBaseAdapter" name="test_file_extension_validation" time="0.013" /><testcase classname="tests.unit.test_file_base_adapter.TestFileBaseAdapter" name="test_get_supported_extensions" time="0.013" /><testcase classname="tests.unit.test_file_base_adapter.TestFileBaseAdapter" name="test_default_limits" time="0.014" /><testcase classname="tests.unit.test_file_base_adapter.TestFileBaseAdapter" name="test_compatibility_validation" time="0.013" /><testcase classname="tests.unit.test_file_base_adapter.TestFileBaseAdapter" name="test_parse_file_with_options" time="0.012" /><testcase classname="tests.unit.test_file_base_adapter.TestAdapterValidationResult" name="test_validation_result_creation" time="0.015" /><testcase classname="tests.unit.test_file_base_adapter.TestAdapterValidationResult" name="test_add_error_and_warning" time="0.014" /><testcase classname="tests.unit.test_file_base_adapter.TestAdapterValidationResult" name="test_set_compatible" time="0.015" /><testcase classname="tests.unit.test_file_base_adapter.TestAdapterValidationResult" name="test_set_incompatible" time="0.015" /><testcase classname="tests.unit.test_file_base_adapter.TestAdapterValidationResult" name="test_to_dict" time="0.014" /><testcase classname="tests.unit.test_file_base_adapter.TestFileCompatibilityError" name="test_file_compatibility_error" time="0.015" /><testcase classname="tests.unit.test_import_service.TestDatetimeConversion" name="test_convert_datetime_fields_with_string_timestamps" time="0.015" /><testcase classname="tests.unit.test_import_service.TestDatetimeConversion" name="test_convert_datetime_fields_with_existing_datetime_objects" time="0.014" /><testcase classname="tests.unit.test_import_service.TestDatetimeConversion" name="test_convert_datetime_fields_with_invalid_strings" time="0.014" /><testcase classname="tests.unit.test_import_service.TestDatetimeConversion" name="test_convert_datetime_fields_with_none_values" time="0.015" /><testcase classname="tests.unit.test_import_service.TestImportService" name="test_process_course_import_conflict_detection" time="0.014" /><testcase classname="tests.unit.test_import_service.TestImportService" name="test_import_excel_file_adapter_not_found" time="0.020" /><testcase classname="tests.unit.test_import_service.TestImportService" name="test_import_excel_file_file_not_found" time="0.015" /><testcase classname="tests.unit.test_import_service.TestImportService" name="test_import_excel_file_file_incompatible" time="0.017" /><testcase classname="tests.unit.test_import_service.TestImportService" name="test_import_excel_file_successful_import" time="0.023" /><testcase classname="tests.unit.test_import_service.TestImportService" name="test_import_excel_file_dry_run" time="0.025" /><testcase classname="tests.unit.test_import_service.TestImportService" name="test_import_excel_file_with_conflicts" time="0.020" /><testcase classname="tests.unit.test_import_service.TestImportService" name="test_process_course_import_new_course" time="0.016" /><testcase classname="tests.unit.test_import_service.TestImportService" name="test_process_course_import_dry_run" time="0.014" /><testcase classname="tests.unit.test_import_service.TestImportService" name="test_process_user_import_new_user" time="0.013" /><testcase classname="tests.unit.test_import_service.TestEnumsAndDataClasses" name="test_conflict_strategy_enum" time="0.014" /><testcase classname="tests.unit.test_import_service.TestEnumsAndDataClasses" name="test_import_mode_enum" time="0.013" /><testcase classname="tests.unit.test_import_service.TestEnumsAndDataClasses" name="test_import_result_creation" time="0.015" /><testcase classname="tests.unit.test_import_service.TestEnumsAndDataClasses" name="test_conflict_record_creation" time="0.013" /><testcase classname="tests.unit.test_import_service.TestReportGeneration" name="test_create_import_report_success" time="0.013" /><testcase classname="tests.unit.test_import_service.TestReportGeneration" name="test_create_import_report_with_errors" time="0.013" /><testcase classname="tests.unit.test_import_service.TestReportGeneration" name="test_process_course_import_update_existing" time="0.014" /><testcase classname="tests.unit.test_import_service.TestReportGeneration" name="test_process_user_import_update_existing" time="0.020" /><testcase classname="tests.unit.test_invitation_service.TestInvitationServiceCreation" name="test_create_invitation_success" time="0.014" /><testcase classname="tests.unit.test_invitation_service.TestInvitationServiceCreation" name="test_create_invitation_invalid_role" time="0.013" /><testcase classname="tests.unit.test_invitation_service.TestInvitationServiceCreation" name="test_create_invitation_user_exists" time="0.014" /><testcase classname="tests.unit.test_invitation_service.TestInvitationServiceCreation" name="test_create_invitation_pending_exists" time="0.015" /><testcase classname="tests.unit.test_invitation_service.TestInvitationServiceCreation" name="test_create_invitation_with_program_ids" time="0.013" /><testcase classname="tests.unit.test_invitation_service.TestInvitationServiceCreation" name="test_create_invitation_database_failure" time="0.015" /><testcase classname="tests.unit.test_invitation_service.TestInvitationServiceEmail" name="test_send_invitation_success" time="0.014" /><testcase classname="tests.unit.test_invitation_service.TestInvitationServiceEmail" name="test_send_invitation_institution_not_found" time="0.018" /><testcase classname="tests.unit.test_invitation_service.TestInvitationServiceEmail" name="test_send_invitation_email_failure" time="0.014" /><testcase classname="tests.unit.test_invitation_service.TestInvitationServiceAcceptance" name="test_accept_invitation_success" time="0.015" /><testcase classname="tests.unit.test_invitation_service.TestInvitationServiceAcceptance" name="test_accept_invitation_invalid_token" time="0.014" /><testcase classname="tests.unit.test_invitation_service.TestInvitationServiceAcceptance" name="test_accept_invitation_already_accepted" time="0.015" /><testcase classname="tests.unit.test_invitation_service.TestInvitationServiceAcceptance" name="test_accept_invitation_expired" time="0.015" /><testcase classname="tests.unit.test_invitation_service.TestInvitationServiceAcceptance" name="test_accept_invitation_weak_password" time="0.014" /><testcase classname="tests.unit.test_invitation_service.TestInvitationServiceAcceptance" name="test_accept_invitation_user_creation_failure" time="0.014" /><testcase classname="tests.unit.test_invitation_service.TestInvitationServiceAcceptance" name="test_accept_invitation_status_expired" time="0.014" /><testcase classname="tests.unit.test_invitation_service.TestInvitationServiceAcceptance" name="test_accept_invitation_unknown_status" time="0.014" /><testcase classname="tests.unit.test_invitation_service.TestInvitationServiceManagement" name="test_resend_invitation_success" time="0.014" /><testcase classname="tests.unit.test_invitation_service.TestInvitationServiceManagement" name="test_resend_invitation_not_found" time="0.013" /><testcase classname="tests.unit.test_invitation_service.TestInvitationServiceManagement" name="test_resend_invitation_wrong_status" time="0.014" /><testcase classname="tests.unit.test_invitation_service.TestInvitationServiceManagement" name="test_resend_invitation_expired_extends_expiry" time="0.014" /><testcase classname="tests.unit.test_invitation_service.TestInvitationServiceManagement" name="test_get_invitation_status_success" time="0.016" /><testcase classname="tests.unit.test_invitation_service.TestInvitationServiceManagement" name="test_get_invitation_status_expired" time="0.014" /><testcase classname="tests.unit.test_invitation_service.TestInvitationServiceManagement" name="test_list_invitations_success" time="0.015" /><testcase classname="tests.unit.test_invitation_service.TestInvitationServiceManagement" name="test_cancel_invitation_success" time="0.014" /><testcase classname="tests.unit.test_invitation_service.TestInvitationServiceManagement" name="test_cancel_invitation_not_found" time="0.014" /><testcase classname="tests.unit.test_invitation_service.TestInvitationServiceManagement" name="test_cancel_invitation_wrong_status" time="0.014" /><testcase classname="tests.unit.test_invitation_service.TestInvitationServiceIntegration" name="test_complete_invitation_flow" time="0.014" /><testcase classname="tests.unit.test_logging_config.TestLoggingConfiguration" name="test_setup_logger_creates_logger" time="0.014" /><testcase classname="tests.unit.test_logging_config.TestLoggingConfiguration" name="test_setup_logger_with_custom_level" time="0.013" /><testcase classname="tests.unit.test_logging_config.TestLoggingConfiguration" name="test_setup_logger_has_handlers" time="0.016" /><testcase classname="tests.unit.test_logging_config.TestLoggingConfiguration" name="test_get_import_logger_returns_logger" time="0.014" /><testcase classname="tests.unit.test_logging_config.TestLoggingConfiguration" name="test_get_import_logger_same_instance" time="0.015" /><testcase classname="tests.unit.test_logging_config.TestLoggingConfiguration" name="test_get_import_logger_has_file_handler" time="0.014" /><testcase classname="tests.unit.test_logging_config.TestLoggingConfiguration" name="test_get_import_logger_log_level" time="0.012" /><testcase classname="tests.unit.test_logging_config.TestLoggingConfiguration" name="test_get_logger_function" time="0.014" /><testcase classname="tests.unit.test_logging_config.TestLoggingConfiguration" name="test_setup_logger_parameter_variations" time="0.013" /><testcase classname="tests.unit.test_logging_config.TestLoggingConfiguration" name="test_logging_module_integration" time="0.014" /><testcase classname="tests.unit.test_logging_config.TestLoggingConfiguration" name="test_logging_config_module_attributes" time="0.013" /><testcase classname="tests.unit.test_logging_config.TestLoggingFormatters" name="test_import_logger_message_format" time="0.013" /><testcase classname="tests.unit.test_logging_config.TestLoggingFormatters" name="test_multiple_logger_functions" time="0.014" /><testcase classname="tests.unit.test_logging_config.TestLoggingFormatters" name="test_logger_configuration_comprehensive" time="0.014" /><testcase classname="tests.unit.test_logging_config.TestLoggingFormatters" name="test_logger_handlers_functionality" time="0.014" /><testcase classname="tests.unit.test_logging_config.TestLoggingFormatters" name="test_get_quality_gate_logger" time="0.013" /><testcase classname="tests.unit.test_login_service.TestLoginServiceAuthentication" name="test_authenticate_user_success" time="0.014" /><testcase classname="tests.unit.test_login_service.TestLoginServiceAuthentication" name="test_authenticate_user_invalid_email" time="0.014" /><testcase classname="tests.unit.test_login_service.TestLoginServiceAuthentication" name="test_authenticate_user_invalid_password" time="0.013" /><testcase classname="tests.unit.test_login_service.TestLoginServiceAuthentication" name="test_authenticate_user_pending_account" time="0.014" /><testcase classname="tests.unit.test_login_service.TestLoginServiceAuthentication" name="test_authenticate_user_suspended_account" time="0.015" /><testcase classname="tests.unit.test_login_service.TestLoginServiceAuthentication" name="test_authenticate_user_account_locked" time="0.015" /><testcase classname="tests.unit.test_login_service.TestLoginServiceAuthentication" name="test_authenticate_user_no_password_hash" time="0.016" /><testcase classname="tests.unit.test_login_service.TestLoginServiceAuthentication" name="test_authenticate_user_remember_me" time="0.016" /><testcase classname="tests.unit.test_login_service.TestLoginServiceAuthentication" name="test_login_user_generic_exception" time="0.016" /><testcase classname="tests.unit.test_login_service.TestLoginServiceLogout" name="test_logout_user_success" time="0.015" /><testcase classname="tests.unit.test_login_service.TestLoginServiceLogout" name="test_logout_user_with_error" time="0.016" /><testcase classname="tests.unit.test_login_service.TestLoginServiceStatus" name="test_get_login_status_logged_in" time="0.014" /><testcase classname="tests.unit.test_login_service.TestLoginServiceStatus" name="test_get_login_status_not_logged_in" time="0.013" /><testcase classname="tests.unit.test_login_service.TestLoginServiceStatus" name="test_get_login_status_invalid_session" time="0.014" /><testcase classname="tests.unit.test_login_service.TestLoginServiceSessionManagement" name="test_refresh_session_success" time="0.015" /><testcase classname="tests.unit.test_login_service.TestLoginServiceSessionManagement" name="test_refresh_session_no_active_session" time="0.014" /><testcase classname="tests.unit.test_login_service.TestLoginServiceSessionManagement" name="test_refresh_session_error" time="0.015" /><testcase classname="tests.unit.test_login_service.TestLoginServiceAccountLockout" name="test_check_account_lockout_status_not_locked" time="0.015" /><testcase classname="tests.unit.test_login_service.TestLoginServiceAccountLockout" name="test_check_account_lockout_status_locked" time="0.015" /><testcase classname="tests.unit.test_login_service.TestLoginServiceAccountLockout" name="test_unlock_account_success" time="0.014" /><testcase classname="tests.unit.test_login_service.TestLoginServiceAccountLockout" name="test_unlock_account_error" time="0.015" /><testcase classname="tests.unit.test_login_service.TestLoginServiceNotifications" name="test_send_account_locked_notification_success" time="0.014" /><testcase classname="tests.unit.test_login_service.TestLoginServiceNotifications" name="test_send_account_locked_notification_user_not_found" time="0.014" /><testcase classname="tests.unit.test_login_service.TestLoginServiceConvenienceFunctions" name="test_login_user_convenience" time="0.015" /><testcase classname="tests.unit.test_login_service.TestLoginServiceConvenienceFunctions" name="test_logout_user_convenience" time="0.013" /><testcase classname="tests.unit.test_login_service.TestLoginServiceConvenienceFunctions" name="test_is_user_logged_in_convenience" time="0.014" /><testcase classname="tests.unit.test_login_service.TestLoginServiceConvenienceFunctions" name="test_get_current_user_info_convenience_logged_in" time="0.014" /><testcase classname="tests.unit.test_login_service.TestLoginServiceConvenienceFunctions" name="test_get_current_user_info_convenience_not_logged_in" time="0.014" /><testcase classname="tests.unit.test_login_service.TestLoginServiceIntegration" name="test_complete_login_logout_flow" time="0.016" /><testcase classname="tests.unit.test_logout_csrf_issue.TestLogoutCSRFIssue" name="test_logout_without_csrf_token_should_fail" time="0.016" /><testcase classname="tests.unit.test_logout_csrf_issue.TestLogoutCSRFIssue" name="test_logout_with_csrf_token_should_succeed" time="0.033" /><testcase classname="tests.unit.test_logout_csrf_issue.TestLogoutCSRFIssue" name="test_dashboard_logout_function_includes_csrf_token" time="0.013" /><testcase classname="tests.unit.test_models.TestUser" name="test_create_user_schema_basic" time="0.015" /><testcase classname="tests.unit.test_models.TestUser" name="test_create_user_schema_with_optional_fields" time="0.015" /><testcase classname="tests.unit.test_models.TestUser" name="test_create_user_invalid_role" time="0.016" /><testcase classname="tests.unit.test_models.TestUser" name="test_get_permissions" time="0.014" /><testcase classname="tests.unit.test_models.TestUser" name="test_user_active_status_calculation" time="0.013" /><testcase classname="tests.unit.test_models.TestCourse" name="test_create_course_schema_basic" time="0.014" /><testcase classname="tests.unit.test_models.TestCourse" name="test_create_course_with_credit_hours" time="0.014" /><testcase classname="tests.unit.test_models.TestTerm" name="test_create_term_schema" time="0.014" /><testcase classname="tests.unit.test_models.TestCourseSection" name="test_create_section_schema_basic" time="0.013" /><testcase classname="tests.unit.test_models.TestCourseSection" name="test_create_section_with_instructor" time="0.013" /><testcase classname="tests.unit.test_models.TestCourseSection" name="test_invalid_status" time="0.013" /><testcase classname="tests.unit.test_models.TestCourseOutcome" name="test_create_outcome_schema_basic" time="0.013" /><testcase classname="tests.unit.test_models.TestCourseOutcome" name="test_update_assessment_data" time="0.013" /><testcase classname="tests.unit.test_models.TestCourseOutcome" name="test_invalid_assessment_status" time="0.013" /><testcase classname="tests.unit.test_models.TestValidationFunctions" name="test_validate_email" time="0.013" /><testcase classname="tests.unit.test_models.TestValidationFunctions" name="test_validate_course_number" time="0.013" /><testcase classname="tests.unit.test_models.TestValidationFunctions" name="test_validate_term_name" time="0.013" /><testcase classname="tests.unit.test_models.TestValidationFunctions" name="test_format_and_parse_functions" time="0.014" /><testcase classname="tests.unit.test_models.TestValidationFunctions" name="test_validate_course_number_edge_cases" time="0.013" /><testcase classname="tests.unit.test_models.TestConstants" name="test_roles_defined" time="0.014" /><testcase classname="tests.unit.test_models.TestConstants" name="test_status_enums_defined" time="0.013" /><testcase classname="tests.unit.test_models.TestModelValidationFunctions" name="test_validate_course_number_valid" time="0.030" /><testcase classname="tests.unit.test_models.TestModelValidationFunctions" name="test_validate_course_number_invalid" time="0.012" /><testcase classname="tests.unit.test_models.TestModelValidationFunctions" name="test_validate_term_name_basic" time="0.013" /><testcase classname="tests.unit.test_models.TestModelValidationFunctions" name="test_validate_term_name_invalid_basic" time="0.013" /><testcase classname="tests.unit.test_models.TestModelValidationFunctions" name="test_user_model_active_status_calculation" time="0.014" /><testcase classname="tests.unit.test_models.TestModelValidationFunctions" name="test_course_section_model_comprehensive" time="0.013" /><testcase classname="tests.unit.test_models.TestModelValidationEdgeCases" name="test_validate_course_number_edge_cases" time="0.014" /><testcase classname="tests.unit.test_models.TestModelValidationEdgeCases" name="test_validate_term_name_edge_cases" time="0.014" /><testcase classname="tests.unit.test_models.TestModelValidationEdgeCases" name="test_format_term_name_comprehensive" time="0.012" /><testcase classname="tests.unit.test_models.TestModelValidationEdgeCases" name="test_parse_cei_term_comprehensive" time="0.012" /><testcase classname="tests.unit.test_models.TestModelValidationEdgeCases" name="test_user_model_comprehensive_functionality" time="0.012" /><testcase classname="tests.unit.test_models.TestModelValidationEdgeCases" name="test_course_section_model_comprehensive_functionality" time="0.012" /><testcase classname="tests.unit.test_models.TestCourseOfferingAdditional" name="test_create_offering_schema_basic" time="0.013" /><testcase classname="tests.unit.test_models.TestCourseOutcomeAdditional" name="test_update_assessment_data_percentage_calculation" time="0.012" /><testcase classname="tests.unit.test_password_reset_service.TestPasswordResetServiceRequest" name="test_request_password_reset_success" time="0.014" /><testcase classname="tests.unit.test_password_reset_service.TestPasswordResetServiceRequest" name="test_request_password_reset_nonexistent_user" time="0.013" /><testcase classname="tests.unit.test_password_reset_service.TestPasswordResetServiceRequest" name="test_request_password_reset_pending_account" time="0.014" /><testcase classname="tests.unit.test_password_reset_service.TestPasswordResetServiceRequest" name="test_request_password_reset_rate_limit_exceeded" time="0.015" /><testcase classname="tests.unit.test_password_reset_service.TestPasswordResetServiceRequest" name="test_request_password_reset_email_service_error" time="0.015" /><testcase classname="tests.unit.test_password_reset_service.TestPasswordResetServiceRequest" name="test_request_password_reset_suspended_account" time="0.014" /><testcase classname="tests.unit.test_password_reset_service.TestPasswordResetServiceRequest" name="test_request_password_reset_deactivated_account" time="0.013" /><testcase classname="tests.unit.test_password_reset_service.TestPasswordResetServiceRequest" name="test_request_password_reset_unknown_account_status" time="0.014" /><testcase classname="tests.unit.test_password_reset_service.TestPasswordResetServiceReset" name="test_reset_password_success" time="0.013" /><testcase classname="tests.unit.test_password_reset_service.TestPasswordResetServiceReset" name="test_reset_password_invalid_token" time="0.014" /><testcase classname="tests.unit.test_password_reset_service.TestPasswordResetServiceReset" name="test_reset_password_expired_token" time="0.014" /><testcase classname="tests.unit.test_password_reset_service.TestPasswordResetServiceReset" name="test_reset_password_weak_password" time="0.014" /><testcase classname="tests.unit.test_password_reset_service.TestPasswordResetServiceValidation" name="test_validate_reset_token_valid" time="0.014" /><testcase classname="tests.unit.test_password_reset_service.TestPasswordResetServiceValidation" name="test_validate_reset_token_invalid" time="0.014" /><testcase classname="tests.unit.test_password_reset_service.TestPasswordResetServiceStatus" name="test_get_reset_status_pending" time="0.014" /><testcase classname="tests.unit.test_password_reset_service.TestPasswordResetServiceStatus" name="test_get_reset_status_no_user" time="0.013" /><testcase classname="tests.unit.test_password_reset_service.TestPasswordResetServiceStatus" name="test_get_reset_status_no_pending_reset" time="0.014" /><testcase classname="tests.unit.test_password_reset_service.TestPasswordResetServiceHelpers" name="test_get_user_by_reset_token_found" time="0.014" /><testcase classname="tests.unit.test_password_reset_service.TestPasswordResetServiceHelpers" name="test_get_user_by_reset_token_not_found" time="0.012" /><testcase classname="tests.unit.test_password_reset_service.TestPasswordResetServiceHelpers" name="test_check_reset_rate_limit_ok" time="0.014" /><testcase classname="tests.unit.test_password_reset_service.TestPasswordResetServiceHelpers" name="test_check_reset_rate_limit_exceeded" time="0.013" /><testcase classname="tests.unit.test_password_reset_service.TestPasswordResetServiceConvenienceFunctions" name="test_request_password_reset_convenience" time="0.014" /><testcase classname="tests.unit.test_password_reset_service.TestPasswordResetServiceConvenienceFunctions" name="test_reset_password_convenience" time="0.013" /><testcase classname="tests.unit.test_password_reset_service.TestPasswordResetServiceConvenienceFunctions" name="test_validate_reset_token_convenience" time="0.014" /><testcase classname="tests.unit.test_password_reset_service.TestPasswordResetServiceConvenienceFunctions" name="test_get_reset_status_convenience" time="0.013" /><testcase classname="tests.unit.test_password_service.TestPasswordHashing" name="test_hash_password_success" time="0.248" /><testcase classname="tests.unit.test_password_service.TestPasswordHashing" name="test_hash_password_with_weak_password_fails" time="0.014" /><testcase classname="tests.unit.test_password_service.TestPasswordHashing" name="test_hash_password_bcrypt_exception" time="0.013" /><testcase classname="tests.unit.test_password_service.TestPasswordHashing" name="test_verify_password_correct" time="0.482" /><testcase classname="tests.unit.test_password_service.TestPasswordHashing" name="test_verify_password_incorrect" time="0.482" /><testcase classname="tests.unit.test_password_service.TestPasswordHashing" name="test_verify_password_with_invalid_hash" time="0.013" /><testcase classname="tests.unit.test_password_service.TestPasswordHashing" name="test_hash_consistency" time="0.947" /><testcase classname="tests.unit.test_password_service.TestPasswordValidation" name="test_valid_password" time="0.012" /><testcase classname="tests.unit.test_password_service.TestPasswordValidation" name="test_empty_password" time="0.014" /><testcase classname="tests.unit.test_password_service.TestPasswordValidation" name="test_too_short_password" time="0.013" /><testcase classname="tests.unit.test_password_service.TestPasswordValidation" name="test_too_long_password" time="0.014" /><testcase classname="tests.unit.test_password_service.TestPasswordValidation" name="test_no_lowercase" time="0.013" /><testcase classname="tests.unit.test_password_service.TestPasswordValidation" name="test_no_uppercase" time="0.013" /><testcase classname="tests.unit.test_password_service.TestPasswordValidation" name="test_no_digit" time="0.014" /><testcase classname="tests.unit.test_password_service.TestPasswordValidation" name="test_no_special_character" time="0.013" /><testcase classname="tests.unit.test_password_service.TestPasswordValidation" name="test_various_special_characters" time="0.015" /><testcase classname="tests.unit.test_password_service.TestResetTokens" name="test_generate_reset_token" time="0.014" /><testcase classname="tests.unit.test_password_service.TestResetTokens" name="test_create_reset_token_data" time="0.014" /><testcase classname="tests.unit.test_password_service.TestResetTokens" name="test_reset_token_validation_valid" time="0.013" /><testcase classname="tests.unit.test_password_service.TestResetTokens" name="test_reset_token_validation_expired" time="0.013" /><testcase classname="tests.unit.test_password_service.TestResetTokens" name="test_reset_token_validation_used" time="0.015" /><testcase classname="tests.unit.test_password_service.TestResetTokens" name="test_reset_token_validation_no_data" time="0.013" /><testcase classname="tests.unit.test_password_service.TestResetTokens" name="test_reset_token_validation_iso_string_expiry" time="0.014" /><testcase classname="tests.unit.test_password_service.TestResetTokens" name="test_reset_token_validation_invalid_iso_string" time="0.013" /><testcase classname="tests.unit.test_password_service.TestAccountLockout" name="test_track_failed_login" time="0.013" /><testcase classname="tests.unit.test_password_service.TestAccountLockout" name="test_multiple_failed_logins" time="0.013" /><testcase classname="tests.unit.test_password_service.TestAccountLockout" name="test_account_lockout_after_max_attempts" time="0.013" /><testcase classname="tests.unit.test_password_service.TestAccountLockout" name="test_account_not_locked_before_max_attempts" time="0.015" /><testcase classname="tests.unit.test_password_service.TestAccountLockout" name="test_clear_failed_attempts" time="0.013" /><testcase classname="tests.unit.test_password_service.TestAccountLockout" name="test_check_account_lockout_raises_exception" time="0.013" /><testcase classname="tests.unit.test_password_service.TestAccountLockout" name="test_check_account_lockout_no_exception_when_not_locked" time="0.013" /><testcase classname="tests.unit.test_password_service.TestAccountLockout" name="test_lockout_expiry" time="0.013" /><testcase classname="tests.unit.test_password_service.TestRateLimiting" name="test_rate_limit_within_limit" time="0.014" /><testcase classname="tests.unit.test_password_service.TestRateLimiting" name="test_rate_limit_exceeded" time="0.014" /><testcase classname="tests.unit.test_password_service.TestRateLimiting" name="test_rate_limit_window_cleanup" time="0.014" /><testcase classname="tests.unit.test_password_service.TestPasswordServiceIntegration" name="test_complete_password_lifecycle" time="0.714" /><testcase classname="tests.unit.test_password_service.TestPasswordServiceIntegration" name="test_reset_token_lifecycle" time="0.013" /><testcase classname="tests.unit.test_password_service.TestPasswordServiceIntegration" name="test_failed_login_and_lockout_cycle" time="0.015" /><testcase classname="tests.unit.test_program_context_management.TestProgramContextUtilities" name="test_get_current_program_id_no_user" time="0.013" /><testcase classname="tests.unit.test_program_context_management.TestProgramContextUtilities" name="test_get_current_program_id_no_context" time="0.013" /><testcase classname="tests.unit.test_program_context_management.TestProgramContextUtilities" name="test_get_current_program_id_with_context" time="0.013" /><testcase classname="tests.unit.test_program_context_management.TestProgramContextUtilities" name="test_set_current_program_id_no_user" time="0.013" /><testcase classname="tests.unit.test_program_context_management.TestProgramContextUtilities" name="test_set_current_program_id_unauthorized_program" time="0.013" /><testcase classname="tests.unit.test_program_context_management.TestProgramContextUtilities" name="test_set_current_program_id_success" time="0.013" /><testcase classname="tests.unit.test_program_context_management.TestProgramContextUtilities" name="test_clear_current_program_id_no_user" time="0.014" /><testcase classname="tests.unit.test_program_context_management.TestProgramContextUtilities" name="test_clear_current_program_id_success" time="0.014" /><testcase classname="tests.unit.test_program_context_management.TestProgramContextAPI" name="test_get_program_context_success" time="0.034" /><testcase classname="tests.unit.test_program_context_management.TestProgramContextAPI" name="test_switch_program_context_success" time="0.087" /><testcase classname="tests.unit.test_program_context_management.TestProgramContextAPI" name="test_switch_program_context_unauthorized" time="0.034" /><testcase classname="tests.unit.test_program_context_management.TestProgramContextAPI" name="test_clear_program_context_success" time="0.033" /><testcase classname="tests.unit.test_program_context_management.TestUnassignedCoursesAPI" name="test_list_unassigned_courses_success" time="0.035" /><testcase classname="tests.unit.test_program_context_management.TestUnassignedCoursesAPI" name="test_assign_course_to_default_success" time="0.035" /><testcase classname="tests.unit.test_program_context_management.TestContextValidationMiddleware" name="test_context_validation_skips_auth_endpoints" time="0.014" /><testcase classname="tests.unit.test_program_context_management.TestContextValidationMiddleware" name="test_context_validation_skips_context_endpoints" time="0.014" /><testcase classname="tests.unit.test_program_context_management.TestContextValidationMiddleware" name="test_context_validation_allows_site_admin" time="0.014" /><testcase classname="tests.unit.test_program_context_management.TestContextValidationMiddleware" name="test_context_validation_logs_missing_institution" time="0.016" /><testcase classname="tests.unit.test_registration_service.TestInstitutionAdminRegistration" name="test_register_institution_admin_success" time="0.250" /><testcase classname="tests.unit.test_registration_service.TestInstitutionAdminRegistration" name="test_register_institution_admin_existing_user" time="0.014" /><testcase classname="tests.unit.test_registration_service.TestInstitutionAdminRegistration" name="test_register_institution_admin_weak_password" time="0.013" /><testcase classname="tests.unit.test_registration_service.TestInstitutionAdminRegistration" name="test_register_institution_admin_email_failure" time="0.248" /><testcase classname="tests.unit.test_registration_service.TestInstitutionAdminRegistration" name="test_register_institution_admin_database_error" time="0.251" /><testcase classname="tests.unit.test_registration_service.TestEmailVerification" name="test_verify_email_success" time="0.015" /><testcase classname="tests.unit.test_registration_service.TestEmailVerification" name="test_verify_email_invalid_token" time="0.014" /><testcase classname="tests.unit.test_registration_service.TestEmailVerification" name="test_verify_email_expired_token" time="0.014" /><testcase classname="tests.unit.test_registration_service.TestEmailVerification" name="test_verify_email_already_verified" time="0.013" /><testcase classname="tests.unit.test_registration_service.TestEmailVerification" name="test_verify_email_iso_string_expiry" time="0.013" /><testcase classname="tests.unit.test_registration_service.TestEmailVerification" name="test_verify_email_no_expiry_date" time="0.015" /><testcase classname="tests.unit.test_registration_service.TestResendVerificationEmail" name="test_resend_verification_email_success" time="0.016" /><testcase classname="tests.unit.test_registration_service.TestResendVerificationEmail" name="test_resend_verification_email_user_not_found" time="0.016" /><testcase classname="tests.unit.test_registration_service.TestResendVerificationEmail" name="test_resend_verification_email_already_active" time="0.015" /><testcase classname="tests.unit.test_registration_service.TestResendVerificationEmail" name="test_resend_verification_email_send_failure" time="0.017" /><testcase classname="tests.unit.test_registration_service.TestRegistrationStatus" name="test_get_registration_status_not_registered" time="0.072" /><testcase classname="tests.unit.test_registration_service.TestRegistrationStatus" name="test_get_registration_status_active" time="0.019" /><testcase classname="tests.unit.test_registration_service.TestRegistrationStatus" name="test_get_registration_status_pending_not_expired" time="0.013" /><testcase classname="tests.unit.test_registration_service.TestRegistrationStatus" name="test_get_registration_status_pending_expired" time="0.014" /><testcase classname="tests.unit.test_registration_service.TestRegistrationStatus" name="test_get_registration_status_database_error" time="0.015" /><testcase classname="tests.unit.test_registration_service.TestRegistrationStatus" name="test_get_registration_status_suspended" time="0.015" /><testcase classname="tests.unit.test_registration_service.TestRegistrationServiceIntegration" name="test_complete_registration_flow" time="0.257" /><testcase classname="tests.unit.test_registration_service.TestConvenienceFunctions" name="test_convenience_functions_exist" time="0.014" /><testcase classname="tests.unit.test_registration_service.TestConvenienceFunctions" name="test_convenience_function_register_institution_admin" time="0.015" /><testcase classname="tests.unit.test_session_service.TestSessionConfiguration" name="test_configure_app_sets_correct_config" time="0.036" /><testcase classname="tests.unit.test_session_service.TestSessionConfiguration" name="test_configure_app_sets_session_lifetime" time="0.014" /><testcase classname="tests.unit.test_session_service.TestSessionCreation" name="test_create_user_session_basic" time="0.015" /><testcase classname="tests.unit.test_session_service.TestSessionCreation" name="test_create_user_session_with_remember_me" time="0.015" /><testcase classname="tests.unit.test_session_service.TestSessionCreation" name="test_create_user_session_without_display_name" time="0.017" /><testcase classname="tests.unit.test_session_service.TestSessionCreation" name="test_create_user_session_generates_csrf_token" time="0.015" /><testcase classname="tests.unit.test_session_service.TestSessionCreation" name="test_create_user_session_stores_security_data" time="0.016" /><testcase classname="tests.unit.test_session_service.TestSessionCreation" name="test_create_user_session_regenerates_session_id" time="0.015" /><testcase classname="tests.unit.test_session_service.TestSessionValidation" name="test_validate_session_when_logged_in" time="0.016" /><testcase classname="tests.unit.test_session_service.TestSessionValidation" name="test_validate_session_when_not_logged_in" time="0.015" /><testcase classname="tests.unit.test_session_service.TestSessionValidation" name="test_validate_session_when_expired" time="0.016" /><testcase classname="tests.unit.test_session_service.TestSessionValidation" name="test_validate_session_ip_mismatch" time="0.016" /><testcase classname="tests.unit.test_session_service.TestSessionValidation" name="test_validate_session_user_agent_mismatch" time="0.016" /><testcase classname="tests.unit.test_session_service.TestSessionTimeout" name="test_session_expiry_regular_session" time="0.015" /><testcase classname="tests.unit.test_session_service.TestSessionTimeout" name="test_session_expiry_remember_me_session" time="0.016" /><testcase classname="tests.unit.test_session_service.TestSessionTimeout" name="test_session_expiry_invalid_timestamp" time="0.014" /><testcase classname="tests.unit.test_session_service.TestCSRFProtection" name="test_csrf_token_generation" time="0.015" /><testcase classname="tests.unit.test_session_service.TestCSRFProtection" name="test_csrf_token_validation_valid" time="0.014" /><testcase classname="tests.unit.test_session_service.TestCSRFProtection" name="test_csrf_token_validation_invalid" time="0.016" /><testcase classname="tests.unit.test_session_service.TestCSRFProtection" name="test_csrf_token_validation_no_session" time="0.015" /><testcase classname="tests.unit.test_session_service.TestCSRFProtection" name="test_csrf_token_validation_empty_token" time="0.018" /><testcase classname="tests.unit.test_session_service.TestSessionDestruction" name="test_destroy_session_clears_data" time="0.016" /><testcase classname="tests.unit.test_session_service.TestSessionDestruction" name="test_destroy_session_when_not_logged_in" time="0.015" /><testcase classname="tests.unit.test_session_service.TestSessionInfo" name="test_get_session_info_when_logged_in" time="0.015" /><testcase classname="tests.unit.test_session_service.TestSessionInfo" name="test_get_session_info_when_not_logged_in" time="0.016" /><testcase classname="tests.unit.test_session_service.TestSessionInfo" name="test_get_session_info_with_remember_me" time="0.015" /><testcase classname="tests.unit.test_session_service.TestSessionRefresh" name="test_refresh_session_updates_activity" time="0.016" /><testcase classname="tests.unit.test_session_service.TestSessionRefresh" name="test_refresh_session_when_not_logged_in" time="0.015" /><testcase classname="tests.unit.test_session_service.TestSecurityHelpers" name="test_get_client_ip_direct" time="0.015" /><testcase classname="tests.unit.test_session_service.TestSecurityHelpers" name="test_get_client_ip_forwarded" time="0.016" /><testcase classname="tests.unit.test_session_service.TestSecurityHelpers" name="test_hash_user_agent" time="0.015" /><testcase classname="tests.unit.test_session_service.TestConvenienceFunctions" name="test_convenience_functions_work" time="0.016" /><testcase classname="tests.unit.test_term_utils.TestTermGenerator" name="test_default_initialization" time="0.012" /><testcase classname="tests.unit.test_term_utils.TestTermGenerator" name="test_custom_initialization" time="0.013" /><testcase classname="tests.unit.test_term_utils.TestTermGenerator" name="test_get_valid_terms_structure" time="0.017" /><testcase classname="tests.unit.test_term_utils.TestTermGenerator" name="test_is_valid_term" time="0.014" /><testcase classname="tests.unit.test_term_utils.TestTermGenerator" name="test_get_current_term" time="0.012" /><testcase classname="tests.unit.test_term_utils.TestTermGenerator" name="test_get_term_display_name" time="0.014" /><testcase classname="tests.unit.test_term_utils.TestModuleFunctions" name="test_get_allowed_terms" time="0.013" /><testcase classname="tests.unit.test_term_utils.TestModuleFunctions" name="test_is_valid_term_function" time="0.013" /><testcase classname="tests.unit.test_term_utils.TestModuleFunctions" name="test_get_current_term_function" time="0.013" /><testcase classname="tests.unit.test_term_utils.TestModuleFunctions" name="test_default_term_generator_exists" time="0.013" /><testcase classname="tests.unit.test_term_utils.TestBackwardCompatibility" name="test_replaces_hardcoded_terms" time="0.014" /><testcase classname="tests.unit.test_term_utils.TestBackwardCompatibility" name="test_validation_works_like_lambda" time="0.013" /><testcase classname="tests.unit.test_term_utils.TestTermGeneratorExtended" name="test_term_generator_get_current_term_logic" time="0.013" /><testcase classname="tests.unit.test_term_utils.TestTermGeneratorExtended" name="test_term_generator_is_valid_term_edge_cases" time="0.014" /><testcase classname="tests.unit.test_term_utils.TestTermGeneratorExtended" name="test_term_generator_get_term_display_name_invalid_input" time="0.013" /><testcase classname="tests.unit.test_term_utils.TestModuleLevelFunctionsExtended" name="test_get_allowed_terms_returns_list" time="0.013" /><testcase classname="tests.unit.test_term_utils.TestModuleLevelFunctionsExtended" name="test_is_valid_term_function_with_various_inputs" time="0.014" /><testcase classname="tests.unit.test_term_utils.TestModuleLevelFunctionsExtended" name="test_get_current_term_function_returns_string" time="0.013" /><testcase classname="tests.unit.test_term_utils.TestBackwardCompatibilityExtended" name="test_validation_consistency" time="0.014" /><testcase classname="tests.unit.test_term_utils.TestBackwardCompatibilityExtended" name="test_term_generation_parameters" time="0.012" /><testcase classname="tests.unit.test_term_utils.TestBackwardCompatibilityExtended" name="test_term_generator_edge_cases" time="0.014" /><testcase classname="tests.unit.test_term_utils.TestTermGeneratorCustomization" name="test_term_generator_custom_parameters" time="0.013" /><testcase classname="tests.unit.test_term_utils.TestTermGeneratorCustomization" name="test_get_current_term_month_logic" time="0.015" /><testcase classname="tests.unit.test_term_utils.TestTermGeneratorCustomization" name="test_get_term_display_name_edge_cases" time="0.013" /><testcase classname="tests.unit.test_term_utils.TestTermGeneratorCustomization" name="test_is_valid_term_edge_cases" time="0.013" /><testcase classname="tests.unit.test_term_utils.TestTermGeneratorCustomization" name="test_get_default_terms_class_method" time="0.014" /><testcase classname="tests.unit.test_term_utils.TestTermGeneratorCustomization" name="test_backward_compatibility_comprehensive" time="0.014" /><testcase classname="tests.unit.test_term_utils.TestTermGeneratorCustomization" name="test_term_generator_zero_range" time="0.014" /></testsuite></testsuites>